npm notice run personality-improvement-app@1.0.0 npx
npm notice run expo lint --max-warnings 0
env: load .env.local .env
env: export SUPABASE_SERVICE_ROLE_KEY SUPABASE_URL EXPO_PUBLIC_SUPABASE_KEY EXPO_PUBLIC_SUPABASE_URL
npm notice run personality-improvement-app@1.0.0 npx
npm notice run eslint C:\Users\WHITE-SNAKE\Desktop\Personalty Improvement app\src --fix=false --cache=true --max-warnings=0 --cache-location=C:\Users\WHITE-SNAKE\Desktop\Personalty Improvement app\.expo\cache\eslint\

C:\Users\WHITE-SNAKE\Desktop\Personalty Improvement app\src\app\(tabs)\index.tsx
   5:8  warning  Using exported name 'DailyPulse' as identifier for default import       import/no-named-as-default
   6:8  warning  Using exported name 'FinanceSnapshot' as identifier for default import  import/no-named-as-default
   7:8  warning  Using exported name 'HealthSnapshot' as identifier for default import   import/no-named-as-default
   8:8  warning  Using exported name 'HomeHeader' as identifier for default import       import/no-named-as-default
   9:8  warning  Using exported name 'QuickActions' as identifier for default import     import/no-named-as-default
  10:8  warning  Using exported name 'TaskPreview' as identifier for default import      import/no-named-as-default
  11:8  warning  Using exported name 'TodaysProgress' as identifier for default import   import/no-named-as-default

C:\Users\WHITE-SNAKE\Desktop\Personalty Improvement app\src\app\_layout.tsx
  2:56  warning  'C:\Users\WHITE-SNAKE\Desktop\Personalty Improvement app\node_modules\expo-router\build\index.js' imported multiple times  import/no-duplicates
  3:23  warning  'C:\Users\WHITE-SNAKE\Desktop\Personalty Improvement app\node_modules\expo-router\build\index.js' imported multiple times  import/no-duplicates

C:\Users\WHITE-SNAKE\Desktop\Personalty Improvement app\src\app\health\exercises\[id].tsx
  45:10  error  Error: Calling setState synchronously within an effect can trigger cascading renders

Effects are intended to synchronize state between React and external systems such as manually updating the DOM, state management libraries, or other platform APIs. In general, the body of an effect should do one or both of the following:
* Update external systems with the latest state from React.
* Subscribe for updates from some external system, calling setState in a callback function when external state changes.

Calling setState synchronously within an effect body causes cascading renders that can hurt performance, and is not recommended. (https://react.dev/learn/you-might-not-need-an-effect).

C:\Users\WHITE-SNAKE\Desktop\Personalty Improvement app\src\app\health\exercises\[id].tsx:45:10
  43 |
  44 |   useEffect(() => {
> 45 |     void load();
     |          ^^^^ Avoid calling setState() directly within an effect
  46 |   }, [load]);
  47 |
  48 |   if (loading) {  react-hooks/set-state-in-effect

C:\Users\WHITE-SNAKE\Desktop\Personalty Improvement app\src\app\health\workout-builder.tsx
  44:3   error  Error: Cannot access refs during render

React refs are values that are not needed for rendering. Refs should only be accessed outside of render, such as in event handlers or effects. Accessing a ref value (the `current` property) during render can cause your component not to update as expected (https://react.dev/reference/react/useRef).

C:\Users\WHITE-SNAKE\Desktop\Personalty Improvement app\src\app\health\workout-builder.tsx:44:3
  42 |   const preselectRef = useRef<string | null>(params.exerciseId ?? null);
  43 |   const workoutRef = useRef(workout);
> 44 |   workoutRef.current = workout;
     |   ^^^^^^^^^^^^^^^^^^ Cannot update ref during render
  45 |
  46 |   // On unmount: remove an abandoned draft (planned, empty, default name) so
  47 |   // repeated visits to the builder don't accumulate junk rows in storage                                                                                                                                                                                   react-hooks/refs
  64:18  error  Error: Calling setState synchronously within an effect can trigger cascading renders

Effects are intended to synchronize state between React and external systems such as manually updating the DOM, state management libraries, or other platform APIs. In general, the body of an effect should do one or both of the following:
* Update external systems with the latest state from React.
* Subscribe for updates from some external system, calling setState in a callback function when external state changes.

Calling setState synchronously within an effect body causes cascading renders that can hurt performance, and is not recommended. (https://react.dev/learn/you-might-not-need-an-effect).

C:\Users\WHITE-SNAKE\Desktop\Personalty Improvement app\src\app\health\workout-builder.tsx:64:18
  62 |
  63 |   useEffect(() => {
> 64 |     if (workout) setName(workout.name);
     |                  ^^^^^^^ Avoid calling setState() directly within an effect
  65 |   }, [workout]);
  66 |
  67 |   useEffect(() => {  react-hooks/set-state-in-effect

C:\Users\WHITE-SNAKE\Desktop\Personalty Improvement app\src\app\health\workout-history.tsx
  2:10  warning  'ActivityIndicator' is defined but never used  @typescript-eslint/no-unused-vars

C:\Users\WHITE-SNAKE\Desktop\Personalty Improvement app\src\app\health\workout-session\[id].tsx
  11:65  warning  'X' is defined but never used  @typescript-eslint/no-unused-vars

C:\Users\WHITE-SNAKE\Desktop\Personalty Improvement app\src\components\ui\card\styles.tsx
  1:21  warning  'C:\Users\WHITE-SNAKE\Desktop\Personalty Improvement app\node_modules\@gluestack-ui\utils\nativewind-utils.ts' imported multiple times  import/no-duplicates
  2:23  warning  'C:\Users\WHITE-SNAKE\Desktop\Personalty Improvement app\node_modules\@gluestack-ui\utils\nativewind-utils.ts' imported multiple times  import/no-duplicates

C:\Users\WHITE-SNAKE\Desktop\Personalty Improvement app\src\components\ui\gluestack-ui-provider\index.tsx
  2:33  warning  'C:\Users\WHITE-SNAKE\Desktop\Personalty Improvement app\node_modules\react-native\index.js' imported multiple times  import/no-duplicates
  5:45  warning  'C:\Users\WHITE-SNAKE\Desktop\Personalty Improvement app\node_modules\react-native\index.js' imported multiple times  import/no-duplicates

C:\Users\WHITE-SNAKE\Desktop\Personalty Improvement app\src\components\ui\heading\styles.tsx
  1:21  warning  'C:\Users\WHITE-SNAKE\Desktop\Personalty Improvement app\node_modules\@gluestack-ui\utils\nativewind-utils.ts' imported multiple times  import/no-duplicates
  2:23  warning  'C:\Users\WHITE-SNAKE\Desktop\Personalty Improvement app\node_modules\@gluestack-ui\utils\nativewind-utils.ts' imported multiple times  import/no-duplicates

C:\Users\WHITE-SNAKE\Desktop\Personalty Improvement app\src\components\ui\input\index.tsx
  5:21  warning  'C:\Users\WHITE-SNAKE\Desktop\Personalty Improvement app\node_modules\@gluestack-ui\utils\nativewind-utils.ts' imported multiple times  import/no-duplicates
  6:34  warning  'C:\Users\WHITE-SNAKE\Desktop\Personalty Improvement app\node_modules\@gluestack-ui\utils\nativewind-utils.ts' imported multiple times  import/no-duplicates

C:\Users\WHITE-SNAKE\Desktop\Personalty Improvement app\src\components\ui\text\styles.tsx
  1:21  warning  'C:\Users\WHITE-SNAKE\Desktop\Personalty Improvement app\node_modules\@gluestack-ui\utils\nativewind-utils.ts' imported multiple times  import/no-duplicates
  2:23  warning  'C:\Users\WHITE-SNAKE\Desktop\Personalty Improvement app\node_modules\@gluestack-ui\utils\nativewind-utils.ts' imported multiple times  import/no-duplicates

C:\Users\WHITE-SNAKE\Desktop\Personalty Improvement app\src\components\workout\ExercisePicker.tsx
  70:5  error  Error: Calling setState synchronously within an effect can trigger cascading renders

Effects are intended to synchronize state between React and external systems such as manually updating the DOM, state management libraries, or other platform APIs. In general, the body of an effect should do one or both of the following:
* Update external systems with the latest state from React.
* Subscribe for updates from some external system, calling setState in a callback function when external state changes.

Calling setState synchronously within an effect body causes cascading renders that can hurt performance, and is not recommended. (https://react.dev/learn/you-might-not-need-an-effect).

C:\Users\WHITE-SNAKE\Desktop\Personalty Improvement app\src\components\workout\ExercisePicker.tsx:70:5
  68 |     if (!visible) return;
  69 |     pageRef.current = 0;
> 70 |     setLoading(true);
     |     ^^^^^^^^^^ Avoid calling setState() directly within an effect
  71 |     setRows([]);
  72 |     load(0)
  73 |       .catch(() => {  react-hooks/set-state-in-effect

C:\Users\WHITE-SNAKE\Desktop\Personalty Improvement app\src\components\workout\WorkoutProgress.tsx
  1:10  warning  'Text' is defined but never used  @typescript-eslint/no-unused-vars

C:\Users\WHITE-SNAKE\Desktop\Personalty Improvement app\src\components\workout\WorkoutSetRow.tsx
  19:5  error  Error: Calling setState synchronously within an effect can trigger cascading renders

Effects are intended to synchronize state between React and external systems such as manually updating the DOM, state management libraries, or other platform APIs. In general, the body of an effect should do one or both of the following:
* Update external systems with the latest state from React.
* Subscribe for updates from some external system, calling setState in a callback function when external state changes.

Calling setState synchronously within an effect body causes cascading renders that can hurt performance, and is not recommended. (https://react.dev/learn/you-might-not-need-an-effect).

C:\Users\WHITE-SNAKE\Desktop\Personalty Improvement app\src\components\workout\WorkoutSetRow.tsx:19:5
  17 |
  18 |   useEffect(() => {
> 19 |     setWeight(
     |     ^^^^^^^^^ Avoid calling setState() directly within an effect
  20 |       set.weight != null ? String(set.weight) : defaultWeight != null ? String(defaultWeight) : '',
  21 |     );
  22 |     setReps(set.reps != null ? String(set.reps) : '');  react-hooks/set-state-in-effect

C:\Users\WHITE-SNAKE\Desktop\Personalty Improvement app\src\hooks\use-color-scheme.web.ts
  11:5  error  Error: Calling setState synchronously within an effect can trigger cascading renders

Effects are intended to synchronize state between React and external systems such as manually updating the DOM, state management libraries, or other platform APIs. In general, the body of an effect should do one or both of the following:
* Update external systems with the latest state from React.
* Subscribe for updates from some external system, calling setState in a callback function when external state changes.

Calling setState synchronously within an effect body causes cascading renders that can hurt performance, and is not recommended. (https://react.dev/learn/you-might-not-need-an-effect).

C:\Users\WHITE-SNAKE\Desktop\Personalty Improvement app\src\hooks\use-color-scheme.web.ts:11:5
   9 |
  10 |   useEffect(() => {
> 11 |     setHasHydrated(true);
     |     ^^^^^^^^^^^^^^ Avoid calling setState() directly within an effect
  12 |   }, []);
  13 |
  14 |   const colorScheme = useRNColorScheme();  react-hooks/set-state-in-effect

C:\Users\WHITE-SNAKE\Desktop\Personalty Improvement app\src\hooks\useExercises.ts
  21:3  error  Error: Cannot access refs during render

React refs are values that are not needed for rendering. Refs should only be accessed outside of render, such as in event handlers or effects. Accessing a ref value (the `current` property) during render can cause your component not to update as expected (https://react.dev/reference/react/useRef).

C:\Users\WHITE-SNAKE\Desktop\Personalty Improvement app\src\hooks\useExercises.ts:21:3
  19 |   const requestIdRef = useRef(0);
  20 |   const filterRef = useRef(filter);
> 21 |   filterRef.current = filter;
     |   ^^^^^^^^^^^^^^^^^ Cannot update ref during render
  22 |
  23 |   const fetchPage = useCallback(
  24 |     async (page: number, activeFilter: ExerciseFilter) =>  react-hooks/refs

C:\Users\WHITE-SNAKE\Desktop\Personalty Improvement app\src\hooks\useWorkout.ts
   7:3   warning  'deleteWorkout' is defined but never used                                                                                                                                                                                                                                                                                                                                                                                                                                                                                                                                                                                                                                                                                                                                                                                                                                                                                                                                                                               @typescript-eslint/no-unused-vars
  46:10  error    Error: Calling setState synchronously within an effect can trigger cascading renders

Effects are intended to synchronize state between React and external systems such as manually updating the DOM, state management libraries, or other platform APIs. In general, the body of an effect should do one or both of the following:
* Update external systems with the latest state from React.
* Subscribe for updates from some external system, calling setState in a callback function when external state changes.

Calling setState synchronously within an effect body causes cascading renders that can hurt performance, and is not recommended. (https://react.dev/learn/you-might-not-need-an-effect).

C:\Users\WHITE-SNAKE\Desktop\Personalty Improvement app\src\hooks\useWorkout.ts:46:10
  44 |
  45 |   useEffect(() => {
> 46 |     void reload();
     |          ^^^^^^ Avoid calling setState() directly within an effect
  47 |   }, [reload]);
  48 |
  49 |   const addExercise = useCallback(  react-hooks/set-state-in-effect

C:\Users\WHITE-SNAKE\Desktop\Personalty Improvement app\src\hooks\useWorkoutHistory.ts
  27:10  error  Error: Calling setState synchronously within an effect can trigger cascading renders

Effects are intended to synchronize state between React and external systems such as manually updating the DOM, state management libraries, or other platform APIs. In general, the body of an effect should do one or both of the following:
* Update external systems with the latest state from React.
* Subscribe for updates from some external system, calling setState in a callback function when external state changes.

Calling setState synchronously within an effect body causes cascading renders that can hurt performance, and is not recommended. (https://react.dev/learn/you-might-not-need-an-effect).

C:\Users\WHITE-SNAKE\Desktop\Personalty Improvement app\src\hooks\useWorkoutHistory.ts:27:10
  25 |
  26 |   useEffect(() => {
> 27 |     void load('initial');
     |          ^^^^ Avoid calling setState() directly within an effect
  28 |   }, [load]);
  29 |
  30 |   const refresh = useCallback(() => load('refresh'), [load]);  react-hooks/set-state-in-effect

C:\Users\WHITE-SNAKE\Desktop\Personalty Improvement app\src\hooks\useWorkoutSession.ts
   51:10  error  Error: Calling setState synchronously within an effect can trigger cascading renders

Effects are intended to synchronize state between React and external systems such as manually updating the DOM, state management libraries, or other platform APIs. In general, the body of an effect should do one or both of the following:
* Update external systems with the latest state from React.
* Subscribe for updates from some external system, calling setState in a callback function when external state changes.

Calling setState synchronously within an effect body causes cascading renders that can hurt performance, and is not recommended. (https://react.dev/learn/you-might-not-need-an-effect).

C:\Users\WHITE-SNAKE\Desktop\Personalty Improvement app\src\hooks\useWorkoutSession.ts:51:10
  49 |
  50 |   useEffect(() => {
> 51 |     void reload();
     |          ^^^^^^ Avoid calling setState() directly within an effect
  52 |   }, [reload]);
  53 |
  54 |   useEffect(() => {  react-hooks/set-state-in-effect
   91:5   error  Error: This value cannot be modified

Modifying a value used previously in an effect function or as an effect dependency is not allowed. Consider moving the modification before calling useEffect().

C:\Users\WHITE-SNAKE\Desktop\Personalty Improvement app\src\hooks\useWorkoutSession.ts:91:5
  89 |       restEndsAtRef.current = null;
  90 |     }
> 91 |     pausedRef.current = true;
     |     ^^^^^^^^^ `pausedRef` cannot be modified
  92 |     setPaused(true);
  93 |   }, []);
  94 |                                                                                                                                                                                                                                                                                                                                                                                                                                                                                                         react-hooks/immutability
  107:5   error  Error: This value cannot be modified

Modifying a value used previously in an effect function or as an effect dependency is not allowed. Consider moving the modification before calling useEffect().

C:\Users\WHITE-SNAKE\Desktop\Personalty Improvement app\src\hooks\useWorkoutSession.ts:107:5
  105 |       pausedRestRemainingRef.current = 0;
  106 |     }
> 107 |     pausedRef.current = false;
      |     ^^^^^^^^^ `pausedRef` cannot be modified
  108 |     setPaused(false);
  109 |   }, []);
  110 |                                                                                                                                                                                                                                                                                                                                                                                                                                                                                         react-hooks/immutability

✖ 35 problems (12 errors, 23 warnings)
  0 errors and 6 warnings potentially fixable with the `--fix` option.

